// Jest Snapshot v1, https://goo.gl/fbAQLP

exports[`@components/molecules/vHomeworkItemStudent should render proper icon for completed task 1`] = `
<a tabindex="0" href="/homework/59cce4c3c6abf042248e888e" class="v-list-item v-list-item--link theme--light">
  <div class="v-avatar v-list-item__avatar" style="height: 40px; min-width: 40px; width: 40px;"><i aria-hidden="true" class="v-icon notranslate fill material-icons theme--light" style="color: rgb(69, 91, 106); caret-color: #455B6A;">$taskOpenFilled</i></div>
  <div class="v-list-item__content">
    <div class="v-list-item__subtitle">
      Mathe
    </div>
    <div class="v-list-item__title">Private Aufgabe von Cord - mit Kurs, offen</div>
  </div>
  <div class="v-list-item__action v-list-item__action--stack"><span data-test-id="dueDateLabel" class="v-list-item__action-text subtitle-2">Abgabe 11.06.00 16:00</span>
    <div class="spacer"></div>
    <!---->
  </div>
</a>
`;

exports[`@components/molecules/vHomeworkItemStudent should render proper icon for open task 1`] = `
<a tabindex="0" href="/homework/59cce4c3c6abf042248e888e" class="v-list-item v-list-item--link theme--light">
  <div class="v-avatar v-list-item__avatar" style="height: 40px; min-width: 40px; width: 40px;"><i aria-hidden="true" class="v-icon notranslate fill material-icons theme--light" style="color: rgb(69, 91, 106); caret-color: #455B6A;">$taskOpenFilled</i></div>
  <div class="v-list-item__content">
    <div class="v-list-item__subtitle">
      Mathe
    </div>
    <div class="v-list-item__title">Private Aufgabe von Cord - mit Kurs, offen</div>
  </div>
  <div class="v-list-item__action v-list-item__action--stack"><span data-test-id="dueDateLabel" class="v-list-item__action-text subtitle-2">Abgabe 11.06.00 16:00</span>
    <div class="spacer"></div>
    <!---->
  </div>
</a>
`;

exports[`@components/molecules/vHomeworkItemStudent should render proper icon for open tasks 1`] = `
<a tabindex="0" href="/homework/59cce4c3c6abf042248e888e" class="v-list-item v-list-item--link theme--light">
  <div class="v-avatar v-list-item__avatar" style="height: 40px; min-width: 40px; width: 40px;"><i aria-hidden="true" class="v-icon notranslate fill material-icons theme--light" style="color: rgb(69, 91, 106); caret-color: #455B6A;">$taskOpenFilled</i></div>
  <div class="v-list-item__content">
    <div class="v-list-item__subtitle">
      Mathe
    </div>
    <div class="v-list-item__title">Private Aufgabe von Cord - mit Kurs, offen</div>
  </div>
  <div class="v-list-item__action v-list-item__action--stack"><span data-test-id="dueDateLabel" class="v-list-item__action-text subtitle-2">Abgabe 11.06.00 16:00</span>
    <div class="spacer"></div>
    <!---->
  </div>
</a>
`;

exports[`@components/molecules/vHomeworkItemStudent should render proper icon for submitted task 1`] = `
<a tabindex="0" href="/homework/59cce4c3c6abf042248e888e" class="v-list-item v-list-item--link theme--light">
  <div class="v-avatar v-list-item__avatar" style="height: 40px; min-width: 40px; width: 40px;"><i aria-hidden="true" class="v-icon notranslate fill material-icons theme--light" style="color: rgb(69, 91, 106); caret-color: #455B6A;">$taskOpenFilled</i></div>
  <div class="v-list-item__content">
    <div class="v-list-item__subtitle">
      Mathe
    </div>
    <div class="v-list-item__title">Private Aufgabe von Cord - mit Kurs, offen</div>
  </div>
  <div class="v-list-item__action v-list-item__action--stack"><span data-test-id="dueDateLabel" class="v-list-item__action-text subtitle-2">Abgabe 11.06.00 16:00</span>
    <div class="spacer"></div>
    <!---->
  </div>
</a>
`;
